// Jest Snapshot v1, https://goo.gl/fbAQLP

exports[`App renders correctly 1`] = `
<div
  className="MuiPaper-root-1 MuiPaper-elevation2-5 MuiPaper-rounded-2"
>
  <div
    className="MuiCardContent-root-28"
  >
    <h2
      className="MuiTypography-root-29 MuiTypography-title-35"
    >
      Registered User Counter
    </h2>
    <p
      className="MuiTypography-root-29 MuiTypography-body1-38"
    >
      Registered User: 
      <b>
        -
      </b>
    </p>
  </div>
  <div
    className="MuiCardActions-root-53"
  >
    <button
      className="MuiButtonBase-root-70 MuiButton-root-55 MuiCardActions-action-54"
      disabled={false}
      onBlur={[Function]}
      onClick={[Function]}
      onFocus={[Function]}
      onKeyDown={[Function]}
      onKeyUp={[Function]}
      onMouseDown={[Function]}
      onMouseLeave={[Function]}
      onMouseUp={[Function]}
      onTouchEnd={[Function]}
      onTouchMove={[Function]}
      onTouchStart={[Function]}
      tabIndex="0"
      type="button"
    >
      <span
        className="MuiButton-label-56"
      >
        Refresh
      </span>
      <span
        className="MuiTouchRipple-root-73"
      />
    </button>
  </div>
</div>
`;
